DeepL usage: 28 / 1,000,000
verbs.json: 5271 total, 0 cached, 5271 to fetch
  250/5271 (4%)
  500/5271 (9%)
  750/5271 (14%)
  1000/5271 (18%)
  1250/5271 (23%)
  1500/5271 (28%)
  1750/5271 (33%)
  2000/5271 (37%)
  2250/5271 (42%)
  2500/5271 (47%)
  2750/5271 (52%)
  3000/5271 (56%)
  3250/5271 (61%)
  3500/5271 (66%)
  3750/5271 (71%)
  4000/5271 (75%)
  4250/5271 (80%)
  4500/5271 (85%)
  4750/5271 (90%)
  5000/5271 (94%)
  5250/5271 (99%)
  done: 5271/5271
adjectives.json: 9144 total, 0 cached, 9144 to fetch
  250/9144 (2%)
  500/9144 (5%)
  750/9144 (8%)
  1000/9144 (10%)
  1250/9144 (13%)
  1500/9144 (16%)
  1750/9144 (19%)
  2000/9144 (21%)
  2250/9144 (24%)
  2500/9144 (27%)
  2750/9144 (30%)
  3000/9144 (32%)
  3250/9144 (35%)
  3500/9144 (38%)
  3750/9144 (41%)
  4000/9144 (43%)
  4250/9144 (46%)
  4500/9144 (49%)
  4750/9144 (51%)
  5000/9144 (54%)
  5250/9144 (57%)
  5500/9144 (60%)
  5750/9144 (62%)
  6000/9144 (65%)
  6250/9144 (68%)
  6500/9144 (71%)
  6750/9144 (73%)
  7000/9144 (76%)
  7250/9144 (79%)
  7500/9144 (82%)
  7750/9144 (84%)
  8000/9144 (87%)
  8250/9144 (90%)
  8500/9144 (92%)
  8750/9144 (95%)
  9000/9144 (98%)
  done: 9144/9144
nouns.json: 24591 total, 0 cached, 24591 to fetch
  250/24591 (1%)
  499/24591 (2%)
  749/24591 (3%)
  999/24591 (4%)
  1249/24591 (5%)
  1499/24591 (6%)
  1749/24591 (7%)
  1999/24591 (8%)
  2249/24591 (9%)
  2499/24591 (10%)
  2749/24591 (11%)
  2999/24591 (12%)
  3249/24591 (13%)
  3499/24591 (14%)
  3749/24591 (15%)
  3999/24591 (16%)
  4249/24591 (17%)
  4499/24591 (18%)
  4749/24591 (19%)
  4998/24591 (20%)
  5248/24591 (21%)
  5498/24591 (22%)
  5748/24591 (23%)
  5997/24591 (24%)
  6247/24591 (25%)
  6497/24591 (26%)
  6747/24591 (27%)
  6997/24591 (28%)
  7247/24591 (29%)
  7497/24591 (30%)
  7747/24591 (31%)
  7997/24591 (32%)
  8247/24591 (33%)
  8497/24591 (34%)
  8747/24591 (35%)
  8997/24591 (36%)
  9247/24591 (37%)
  9497/24591 (38%)
  9747/24591 (39%)
  9997/24591 (40%)
  10247/24591 (41%)
  10497/24591 (42%)
  10747/24591 (43%)
  10997/24591 (44%)
  11247/24591 (45%)
  11497/24591 (46%)
  11747/24591 (47%)
  11997/24591 (48%)
  12247/24591 (49%)
  12496/24591 (50%)
  12746/24591 (51%)
  12996/24591 (52%)
  13246/24591 (53%)
  13496/24591 (54%)
  13746/24591 (55%)
  13996/24591 (56%)
  14246/24591 (57%)
  14496/24591 (58%)
  14746/24591 (59%)
  14996/24591 (60%)
  15246/24591 (61%)
  15496/24591 (63%)
  15746/24591 (64%)
  15996/24591 (65%)
  16246/24591 (66%)
  16496/24591 (67%)
  16746/24591 (68%)
  16996/24591 (69%)
  17246/24591 (70%)
  17496/24591 (71%)
  17746/24591 (72%)
  17996/24591 (73%)
  18246/24591 (74%)
  18496/24591 (75%)
  18746/24591 (76%)
  18996/24591 (77%)
  19246/24591 (78%)
  19496/24591 (79%)
  19746/24591 (80%)
  19996/24591 (81%)
  20246/24591 (82%)
  20496/24591 (83%)
  20746/24591 (84%)
  20996/24591 (85%)
  21246/24591 (86%)
  21496/24591 (87%)
  21746/24591 (88%)
  21996/24591 (89%)
  22246/24591 (90%)
  22496/24591 (91%)
  22746/24591 (92%)
  22996/24591 (93%)
  23246/24591 (94%)
  23496/24591 (95%)
  23746/24591 (96%)
  23996/24591 (97%)
  24246/24591 (98%)
  24496/24591 (99%)
  done: 24587/24591
DeepL usage after: 406,885 / 1,000,000
